// Jest Snapshot v1, https://goo.gl/fbAQLP

exports[`Test Spinner 1`] = `
Array [
  <svg
    className="w-5 h-5"
    fill="currentColor"
    viewBox="0 0 20 20"
    xmlns="http://www.w3.org/2000/svg"
  >
    <path
      clipRule="evenodd"
      d="M7.293 14.707a1 1 0 010-1.414L10.586 10 7.293 6.707a1 1 0 011.414-1.414l4 4a1 1 0 010 1.414l-4 4a1 1 0 01-1.414 0z"
      fillRule="evenodd"
    />
  </svg>,
  " ",
  <svg
    className="feather feather-shopping-cart w-6 h-6 mt-2"
    fill="none"
    height="100%"
    stroke="currentColor"
    strokeLinecap="round"
    strokeLinejoin="round"
    strokeWidth="2"
    viewBox="0 0 24 24"
    width="100%"
    xmlns="http://www.w3.org/2000/svg"
  >
    <circle
      cx="9"
      cy="21"
      r="1"
    />
    <circle
      cx="20"
      cy="21"
      r="1"
    />
    <path
      d="M1 1h4l2.68 13.39a2 2 0 0 0 2 1.61h9.72a2 2 0 0 0 2-1.61L23 6H6"
    />
  </svg>,
  <svg
    className="feather feather-trash-2"
    fill="none"
    height="100%"
    stroke="currentColor"
    strokeLinecap="round"
    strokeLinejoin="round"
    strokeWidth="2"
    viewBox="0 0 24 24"
    width="100%"
    xmlns="http://www.w3.org/2000/svg"
  >
    <polyline
      points="3 6 5 6 21 6"
    />
    <path
      d="M19 6v14a2 2 0 0 1-2 2H7a2 2 0 0 1-2-2V6m3 0V4a2 2 0 0 1 2-2h4a2 2 0 0 1 2 2v2"
    />
    <line
      x1="10"
      x2="10"
      y1="11"
      y2="17"
    />
    <line
      x1="14"
      x2="14"
      y1="11"
      y2="17"
    />
  </svg>,
  <svg
    className="w-6 h-6 text-teal-700 hover:text-teal-600"
    fill="none"
    stroke="currentColor"
    viewBox="0 0 24 24"
    xmlns="http://www.w3.org/2000/svg"
  >
    <path
      d="M12 5v.01M12 12v.01M12 19v.01M12 6a1 1 0 110-2 1 1 0 010 2zm0 7a1 1 0 110-2 1 1 0 010 2zm0 7a1 1 0 110-2 1 1 0 010 2z"
      strokeLinecap="round"
      strokeLinejoin="round"
      strokeWidth="2"
    />
  </svg>,
  <svg
    className="w-5 h-5"
    fill="currentColor"
    viewBox="0 0 20 20"
    xmlns="http://www.w3.org/2000/svg"
  >
    <path
      d="M10.707 2.293a1 1 0 00-1.414 0l-7 7a1 1 0 001.414 1.414L4 10.414V17a1 1 0 001 1h2a1 1 0 001-1v-2a1 1 0 011-1h2a1 1 0 011 1v2a1 1 0 001 1h2a1 1 0 001-1v-6.586l.293.293a1 1 0 001.414-1.414l-7-7z"
    />
  </svg>,
  <svg
    className=" h-6 w-6 "
    fill="none"
    stroke="currentColor"
    viewBox="0 0 24 24"
    xmlns="http://www.w3.org/2000/svg"
  >
    <path
      d="M21 21l-6-6m2-5a7 7 0 11-14 0 7 7 0 0114 0z"
      strokeLinecap="round"
      strokeLinejoin="round"
      strokeWidth="2"
    />
  </svg>,
  <svg
    className="mr-2 w-9 h-9 text-gray-200 animate-spin dark:text-gray-600 fill-teal-600"
    fill="none"
    role="status"
    viewBox="0 0 100 101"
    xmlns="http://www.w3.org/2000/svg"
  >
    <path
      d="M100 50.5908C100 78.2051 77.6142 100.591 50 100.591C22.3858 100.591 0 78.2051 0 50.5908C0 22.9766 22.3858 0.59082 50 0.59082C77.6142 0.59082 100 22.9766 100 50.5908ZM9.08144 50.5908C9.08144 73.1895 27.4013 91.5094 50 91.5094C72.5987 91.5094 90.9186 73.1895 90.9186 50.5908C90.9186 27.9921 72.5987 9.67226 50 9.67226C27.4013 9.67226 9.08144 27.9921 9.08144 50.5908Z"
      fill="currentColor"
    />
    <path
      d="M93.9676 39.0409C96.393 38.4038 97.8624 35.9116 97.0079 33.5539C95.2932 28.8227 92.871 24.3692 89.8167 20.348C85.8452 15.1192 80.8826 10.7238 75.2124 7.41289C69.5422 4.10194 63.2754 1.94025 56.7698 1.05124C51.7666 0.367541 46.6976 0.446843 41.7345 1.27873C39.2613 1.69328 37.813 4.19778 38.4501 6.62326C39.0873 9.04874 41.5694 10.4717 44.0505 10.1071C47.8511 9.54855 51.7191 9.52689 55.5402 10.0491C60.8642 10.7766 65.9928 12.5457 70.6331 15.2552C75.2735 17.9648 79.3347 21.5619 82.5849 25.841C84.9175 28.9121 86.7997 32.2913 88.1811 35.8758C89.083 38.2158 91.5421 39.6781 93.9676 39.0409Z"
      fill="currentFill"
    />
  </svg>,
]
`;
